#! /c/Source/iverilog-install/bin/vvp
:ivl_version "12.0 (devel)" "(s20150603-1539-g2693dd32b)";
:ivl_delay_selection "TYPICAL";
:vpi_time_precision - 12;
:vpi_module "C:\PROGRA~1\iverilog\lib\ivl\system.vpi";
:vpi_module "C:\PROGRA~1\iverilog\lib\ivl\vhdl_sys.vpi";
:vpi_module "C:\PROGRA~1\iverilog\lib\ivl\vhdl_textio.vpi";
:vpi_module "C:\PROGRA~1\iverilog\lib\ivl\v2005_math.vpi";
:vpi_module "C:\PROGRA~1\iverilog\lib\ivl\va_math.vpi";
:vpi_module "C:\PROGRA~1\iverilog\lib\ivl\v2009.vpi";
S_0000027fb8586430 .scope package, "$unit" "$unit" 2 1;
 .timescale 0 0;
S_0000027fb85960a0 .scope module, "aoi22_tb" "aoi22_tb" 3 5;
 .timescale -9 -12;
v0000027fb8594250_0 .var "a", 0 0;
v0000027fb85942f0_0 .var "b", 0 0;
v0000027fb8594390_0 .var "c", 0 0;
v0000027fb8594430_0 .var "d", 0 0;
v0000027fb85944d0_0 .var/i "i", 31 0;
v0000027fb85df2a0_0 .net "y", 0 0, L_0000027fb85df990;  1 drivers
S_0000027fb8596230 .scope module, "dut" "aoi22" 3 17, 4 2 0, S_0000027fb85960a0;
 .timescale 0 0;
    .port_info 0 /INPUT 1 "a";
    .port_info 1 /INPUT 1 "b";
    .port_info 2 /INPUT 1 "c";
    .port_info 3 /INPUT 1 "d";
    .port_info 4 /OUTPUT 1 "y";
L_0000027fb85491b0 .functor AND 1, v0000027fb8594250_0, v0000027fb85942f0_0, C4<1>, C4<1>;
L_0000027fb8549480 .functor AND 1, v0000027fb8594390_0, v0000027fb8594430_0, C4<1>, C4<1>;
L_0000027fb8562d80 .functor OR 1, L_0000027fb85491b0, L_0000027fb8549480, C4<0>, C4<0>;
L_0000027fb85df990 .functor NOT 1, L_0000027fb8562d80, C4<0>, C4<0>, C4<0>;
v0000027fb8562fa0_0 .net "a", 0 0, v0000027fb8594250_0;  1 drivers
v0000027fb8562b20_0 .net "and_ab", 0 0, L_0000027fb85491b0;  1 drivers
v0000027fb85865c0_0 .net "and_cd", 0 0, L_0000027fb8549480;  1 drivers
v0000027fb85493e0_0 .net "b", 0 0, v0000027fb85942f0_0;  1 drivers
v0000027fb8549110_0 .net "c", 0 0, v0000027fb8594390_0;  1 drivers
v0000027fb85963c0_0 .net "d", 0 0, v0000027fb8594430_0;  1 drivers
v0000027fb8596460_0 .net "or_outs", 0 0, L_0000027fb8562d80;  1 drivers
v0000027fb85941b0_0 .net "y", 0 0, L_0000027fb85df990;  alias, 1 drivers
    .scope S_0000027fb85960a0;
T_0 ;
    %vpi_call/w 3 34 "$display", "\000" {0 0 0};
    %vpi_call/w 3 35 "$display", " a b c d | y " {0 0 0};
    %vpi_call/w 3 36 "$display", "------------------" {0 0 0};
    %pushi/vec4 0, 0, 32;
    %store/vec4 v0000027fb85944d0_0, 0, 32;
T_0.0 ;
    %load/vec4 v0000027fb85944d0_0;
    %cmpi/s 16, 0, 32;
    %jmp/0xz T_0.1, 5;
    %load/vec4 v0000027fb85944d0_0;
    %pad/s 4;
    %split/vec4 1;
    %store/vec4 v0000027fb8594430_0, 0, 1;
    %split/vec4 1;
    %store/vec4 v0000027fb8594390_0, 0, 1;
    %split/vec4 1;
    %store/vec4 v0000027fb85942f0_0, 0, 1;
    %store/vec4 v0000027fb8594250_0, 0, 1;
    %delay 1000, 0;
    %vpi_call/w 3 44 "$display", " %b %b  %b %b | %b", v0000027fb8594250_0, v0000027fb85942f0_0, v0000027fb8594390_0, v0000027fb8594430_0, v0000027fb85df2a0_0 {0 0 0};
    %load/vec4 v0000027fb85944d0_0;
    %addi 1, 0, 32;
    %store/vec4 v0000027fb85944d0_0, 0, 32;
    %jmp T_0.0;
T_0.1 ;
    %vpi_call/w 3 51 "$finish" {0 0 0};
    %end;
    .thread T_0;
# The file index is used to find the file name in the following table.
:file_names 5;
    "N/A";
    "<interactive>";
    "-";
    "testbenches/aoi22_tb.v";
    "gates/aoi22.v";
