#! /c/Source/iverilog-install/bin/vvp
:ivl_version "12.0 (devel)" "(s20150603-1539-g2693dd32b)";
:ivl_delay_selection "TYPICAL";
:vpi_time_precision - 12;
:vpi_module "C:\PROGRA~1\iverilog\lib\ivl\system.vpi";
:vpi_module "C:\PROGRA~1\iverilog\lib\ivl\vhdl_sys.vpi";
:vpi_module "C:\PROGRA~1\iverilog\lib\ivl\vhdl_textio.vpi";
:vpi_module "C:\PROGRA~1\iverilog\lib\ivl\v2005_math.vpi";
:vpi_module "C:\PROGRA~1\iverilog\lib\ivl\va_math.vpi";
:vpi_module "C:\PROGRA~1\iverilog\lib\ivl\v2009.vpi";
S_000001c082cc9ee0 .scope package, "$unit" "$unit" 2 1;
 .timescale 0 0;
S_000001c082bf53b0 .scope module, "dmux_tb" "dmux_tb" 3 5;
 .timescale -9 -12;
v000001c082ccbde0_0 .net "a", 0 0, L_000001c082bc2b20;  1 drivers
v000001c082ccbe80_0 .net "b", 0 0, L_000001c082bc31c0;  1 drivers
v000001c082c3b820_0 .var/i "i", 31 0;
v000001c082c3b8c0_0 .var "in", 0 0;
v000001c082c3b960_0 .var "sel", 0 0;
S_000001c082bf5540 .scope module, "dut" "dmux" 3 16, 4 8 0, S_000001c082bf53b0;
 .timescale 0 0;
    .port_info 0 /INPUT 1 "in";
    .port_info 1 /INPUT 1 "sel";
    .port_info 2 /OUTPUT 1 "a";
    .port_info 3 /OUTPUT 1 "b";
L_000001c082cc8ee0 .functor NOT 1, v000001c082c3b960_0, C4<0>, C4<0>, C4<0>;
L_000001c082bc2b20 .functor AND 1, v000001c082c3b8c0_0, L_000001c082cc8ee0, C4<1>, C4<1>;
L_000001c082bc31c0 .functor AND 1, v000001c082c3b8c0_0, v000001c082c3b960_0, C4<1>, C4<1>;
v000001c082bc2fa0_0 .net *"_ivl_0", 0 0, L_000001c082cc8ee0;  1 drivers
v000001c082cc8e40_0 .net "a", 0 0, L_000001c082bc2b20;  alias, 1 drivers
v000001c082bf56d0_0 .net "b", 0 0, L_000001c082bc31c0;  alias, 1 drivers
v000001c082bf5770_0 .net "in", 0 0, v000001c082c3b8c0_0;  1 drivers
v000001c082ccbd40_0 .net "sel", 0 0, v000001c082c3b960_0;  1 drivers
    .scope S_000001c082bf53b0;
T_0 ;
    %vpi_call/w 3 32 "$display", "\000" {0 0 0};
    %vpi_call/w 3 33 "$display", " in sel | a b " {0 0 0};
    %vpi_call/w 3 34 "$display", "------------------" {0 0 0};
    %pushi/vec4 0, 0, 32;
    %store/vec4 v000001c082c3b820_0, 0, 32;
T_0.0 ;
    %load/vec4 v000001c082c3b820_0;
    %cmpi/s 4, 0, 32;
    %jmp/0xz T_0.1, 5;
    %load/vec4 v000001c082c3b820_0;
    %pad/s 2;
    %split/vec4 1;
    %store/vec4 v000001c082c3b960_0, 0, 1;
    %store/vec4 v000001c082c3b8c0_0, 0, 1;
    %delay 1000, 0;
    %vpi_call/w 3 42 "$display", " %b  %b   | %b %b", v000001c082c3b8c0_0, v000001c082c3b960_0, v000001c082ccbde0_0, v000001c082ccbe80_0 {0 0 0};
    %load/vec4 v000001c082c3b820_0;
    %addi 1, 0, 32;
    %store/vec4 v000001c082c3b820_0, 0, 32;
    %jmp T_0.0;
T_0.1 ;
    %vpi_call/w 3 49 "$finish" {0 0 0};
    %end;
    .thread T_0;
# The file index is used to find the file name in the following table.
:file_names 5;
    "N/A";
    "<interactive>";
    "-";
    "testbenches/dmux_tb.v";
    "gates/dmux.v";
