#! /c/Source/iverilog-install/bin/vvp
:ivl_version "12.0 (devel)" "(s20150603-1539-g2693dd32b)";
:ivl_delay_selection "TYPICAL";
:vpi_time_precision - 12;
:vpi_module "C:\PROGRA~1\iverilog\lib\ivl\system.vpi";
:vpi_module "C:\PROGRA~1\iverilog\lib\ivl\vhdl_sys.vpi";
:vpi_module "C:\PROGRA~1\iverilog\lib\ivl\vhdl_textio.vpi";
:vpi_module "C:\PROGRA~1\iverilog\lib\ivl\v2005_math.vpi";
:vpi_module "C:\PROGRA~1\iverilog\lib\ivl\va_math.vpi";
:vpi_module "C:\PROGRA~1\iverilog\lib\ivl\v2009.vpi";
S_000002c3603d53d0 .scope package, "$unit" "$unit" 2 1;
 .timescale 0 0;
S_000002c3603d5560 .scope module, "full_adder_tb" "full_adder_tb" 3 5;
 .timescale -9 -12;
v000002c3603d56f0_0 .var "A", 0 0;
v000002c3603d5790_0 .var "B", 0 0;
v000002c3603a28b0_0 .net "Cout", 0 0, L_000002c360388ce0;  1 drivers
v000002c3603a2950_0 .net "S", 0 0, L_000002c360389a20;  1 drivers
v000002c3603a29f0_0 .var/i "i", 31 0;
S_000002c3603a2720 .scope module, "dut" "half_adder" 3 16, 4 2 0, S_000002c3603d5560;
 .timescale 0 0;
    .port_info 0 /INPUT 1 "A";
    .port_info 1 /INPUT 1 "B";
    .port_info 2 /OUTPUT 1 "S";
    .port_info 3 /OUTPUT 1 "Cout";
L_000002c360389a20 .functor XOR 1, v000002c3603d56f0_0, v000002c3603d5790_0, C4<0>, C4<0>;
L_000002c360388ce0 .functor AND 1, v000002c3603d56f0_0, v000002c3603d5790_0, C4<1>, C4<1>;
v000002c3603a2fc0_0 .net "A", 0 0, v000002c3603d56f0_0;  1 drivers
v000002c36038be70_0 .net "B", 0 0, v000002c3603d5790_0;  1 drivers
v000002c360388c40_0 .net "Cout", 0 0, L_000002c360388ce0;  alias, 1 drivers
v000002c360389d40_0 .net "S", 0 0, L_000002c360389a20;  alias, 1 drivers
    .scope S_000002c3603d5560;
T_0 ;
    %vpi_call/w 3 32 "$display", "\000" {0 0 0};
    %vpi_call/w 3 33 "$display", "A B | S Cout" {0 0 0};
    %vpi_call/w 3 34 "$display", "------------------" {0 0 0};
    %pushi/vec4 0, 0, 32;
    %store/vec4 v000002c3603a29f0_0, 0, 32;
T_0.0 ;
    %load/vec4 v000002c3603a29f0_0;
    %cmpi/s 4, 0, 32;
    %jmp/0xz T_0.1, 5;
    %load/vec4 v000002c3603a29f0_0;
    %pad/s 2;
    %split/vec4 1;
    %store/vec4 v000002c3603d5790_0, 0, 1;
    %store/vec4 v000002c3603d56f0_0, 0, 1;
    %delay 1000, 0;
    %vpi_call/w 3 42 "$display", "%b %b | %b%b", v000002c3603d56f0_0, v000002c3603d5790_0, v000002c3603a28b0_0, v000002c3603a2950_0 {0 0 0};
    %load/vec4 v000002c3603a29f0_0;
    %addi 1, 0, 32;
    %store/vec4 v000002c3603a29f0_0, 0, 32;
    %jmp T_0.0;
T_0.1 ;
    %vpi_call/w 3 48 "$finish" {0 0 0};
    %end;
    .thread T_0;
# The file index is used to find the file name in the following table.
:file_names 5;
    "N/A";
    "<interactive>";
    "-";
    "testbenches/half_adder_tb.v";
    "arithmetic/half_adder.v";
