#! /c/Source/iverilog-install/bin/vvp
:ivl_version "12.0 (devel)" "(s20150603-1539-g2693dd32b)";
:ivl_delay_selection "TYPICAL";
:vpi_time_precision - 12;
:vpi_module "C:\PROGRA~1\iverilog\lib\ivl\system.vpi";
:vpi_module "C:\PROGRA~1\iverilog\lib\ivl\vhdl_sys.vpi";
:vpi_module "C:\PROGRA~1\iverilog\lib\ivl\vhdl_textio.vpi";
:vpi_module "C:\PROGRA~1\iverilog\lib\ivl\v2005_math.vpi";
:vpi_module "C:\PROGRA~1\iverilog\lib\ivl\va_math.vpi";
:vpi_module "C:\PROGRA~1\iverilog\lib\ivl\v2009.vpi";
S_0000013bd2b454f0 .scope package, "$unit" "$unit" 2 1;
 .timescale 0 0;
S_0000013bd2b45680 .scope module, "not16_tb" "not16_tb" 3 5;
 .timescale -9 -12;
v0000013bd2b45810_0 .var "a", 0 15;
v0000013bd2b458b0_0 .net "b", 0 15, L_0000013bd2af8e30;  1 drivers
v0000013bd2b128b0_0 .var/i "i", 31 0;
S_0000013bd2b12720 .scope module, "dut" "not16" 3 14, 4 2 0, S_0000013bd2b45680;
 .timescale 0 0;
    .port_info 0 /INPUT 16 "a";
    .port_info 1 /OUTPUT 16 "b";
L_0000013bd2af8e30 .functor NOT 16, v0000013bd2b45810_0, C4<0000000000000000>, C4<0000000000000000>, C4<0000000000000000>;
v0000013bd2b12ef0_0 .net "a", 0 15, v0000013bd2b45810_0;  1 drivers
v0000013bd2b13280_0 .net "b", 0 15, L_0000013bd2af8e30;  alias, 1 drivers
    .scope S_0000013bd2b45680;
T_0 ;
    %vpi_call/w 3 28 "$display", "\000" {0 0 0};
    %vpi_call/w 3 29 "$display", " a | b" {0 0 0};
    %vpi_call/w 3 30 "$display", "------------------" {0 0 0};
    %pushi/vec4 0, 0, 32;
    %store/vec4 v0000013bd2b128b0_0, 0, 32;
T_0.0 ;
    %load/vec4 v0000013bd2b128b0_0;
    %cmpi/s 100, 0, 32;
    %jmp/0xz T_0.1, 5;
    %load/vec4 v0000013bd2b128b0_0;
    %pad/s 16;
    %store/vec4 v0000013bd2b45810_0, 0, 16;
    %delay 1000, 0;
    %vpi_call/w 3 38 "$display", " %b | %b ", v0000013bd2b45810_0, v0000013bd2b458b0_0 {0 0 0};
    %load/vec4 v0000013bd2b128b0_0;
    %addi 1, 0, 32;
    %store/vec4 v0000013bd2b128b0_0, 0, 32;
    %jmp T_0.0;
T_0.1 ;
    %vpi_call/w 3 45 "$finish" {0 0 0};
    %end;
    .thread T_0;
# The file index is used to find the file name in the following table.
:file_names 5;
    "N/A";
    "<interactive>";
    "-";
    "testbenches/not16_tb.v";
    "gates/not16.v";
